[debug] [2026-08-16T09:12:21.561Z] ----------------------------------------------------------------------
[debug] [2026-08-16T09:12:21.563Z] Command:       /usr/local/bin/node /Users/kalyanbasa/.npm/_npx/ba4f1959e38407b5/node_modules/.bin/firebase emulators:start --only functions
[debug] [2026-08-16T09:12:21.563Z] CLI Version:   15.27.0
[debug] [2026-08-16T09:12:21.563Z] Platform:      darwin
[debug] [2026-08-16T09:12:21.563Z] Node Version:  v24.19.0
[debug] [2026-08-16T09:12:21.563Z] Detected Agent: antigravity
[debug] [2026-08-16T09:12:21.563Z] Time:          Sun Aug 16 2026 14:42:21 GMT+0530 (India Standard Time)
[debug] [2026-08-16T09:12:21.563Z] ----------------------------------------------------------------------
[debug] 
[debug] [2026-08-16T09:12:21.574Z] >>> [apiv2][query] GET https://firebase-public.firebaseio.com/cli.json [none]
[debug] [2026-08-16T09:12:22.121Z] > command requires scopes: ["email","openid","https://www.googleapis.com/auth/cloudplatformprojects.readonly","https://www.googleapis.com/auth/firebase","https://www.googleapis.com/auth/cloud-platform"]
[debug] Failed to authenticate, have you run firebase login?
[warn] ⚠  emulators: You are not currently authenticated so some features may not work correctly. Please run firebase login to authenticate the CLI. 
[info] i  emulators: Starting emulators: functions {"metadata":{"emulator":{"name":"hub"},"message":"Starting emulators: functions"}}
[debug] [2026-08-16T09:12:22.275Z] [logging] Logging Emulator only supports listening on one address (127.0.0.1). Not listening on ::1
[debug] [2026-08-16T09:12:22.276Z] assigned listening specs for emulators {"user":{"hub":[{"address":"127.0.0.1","family":"IPv4","port":4400},{"address":"::1","family":"IPv6","port":4400}],"ui":[{"address":"127.0.0.1","family":"IPv4","port":4000},{"address":"::1","family":"IPv6","port":4000}],"logging":[{"address":"127.0.0.1","family":"IPv4","port":4500}]},"metadata":{"message":"assigned listening specs for emulators"}}
[debug] [2026-08-16T09:12:22.278Z] Write emulator hub locator at /var/folders/jw/6lj7hpn5139d1g9b24qm2zn80000gn/T/hub-fico-app-f3cea.json
[debug] [2026-08-16T09:12:22.412Z] [functions] Functions Emulator only supports listening on one address (127.0.0.1). Not listening on ::1
[debug] [2026-08-16T09:12:22.412Z] [eventarc] Eventarc Emulator only supports listening on one address (127.0.0.1). Not listening on ::1
[debug] [2026-08-16T09:12:22.412Z] [tasks] Cloud Tasks Emulator only supports listening on one address (127.0.0.1). Not listening on ::1
[debug] [2026-08-16T09:12:22.412Z] late-assigned ports for functions and eventarc emulators {"user":{"hub":[{"address":"127.0.0.1","family":"IPv4","port":4400},{"address":"::1","family":"IPv6","port":4400}],"ui":[{"address":"127.0.0.1","family":"IPv4","port":4000},{"address":"::1","family":"IPv6","port":4000}],"logging":[{"address":"127.0.0.1","family":"IPv4","port":4500}],"functions":[{"address":"127.0.0.1","family":"IPv4","port":5001}],"eventarc":[{"address":"127.0.0.1","family":"IPv4","port":9299}],"tasks":[{"address":"127.0.0.1","family":"IPv4","port":9499}]},"metadata":{"message":"late-assigned ports for functions and eventarc emulators"}}
[warn] ⚠  functions: The following emulators are not running, calls to these services from the Functions emulator will affect production: apphosting, auth, firestore, database, hosting, pubsub, storage, dataconnect {"metadata":{"emulator":{"name":"functions"},"message":"The following emulators are not running, calls to these services from the Functions emulator will affect production: apphosting, auth, firestore, database, hosting, pubsub, storage, dataconnect"}}
[debug] [2026-08-16T09:12:22.413Z] No OAuth tokens found
[debug] [2026-08-16T09:12:22.413Z] No OAuth tokens found
[debug] [2026-08-16T09:12:22.413Z] > command requires scopes: ["email","openid","https://www.googleapis.com/auth/cloudplatformprojects.readonly","https://www.googleapis.com/auth/firebase","https://www.googleapis.com/auth/cloud-platform"]
[debug] [2026-08-16T09:12:22.413Z] Failed to get Admin SDK config for fico-app-f3cea, falling back to cache Failed to get Admin SDK for Firebase project fico-app-f3cea. Please make sure the project exists and your account has permission to access it. {"name":"FirebaseError","children":[],"exit":2,"message":"Failed to get Admin SDK for Firebase project fico-app-f3cea. Please make sure the project exists and your account has permission to access it.","original":{"name":"FirebaseError","children":[],"exit":1,"message":"Failed to authenticate, have you run firebase login?","original":{},"status":500},"status":500}
[warn] ⚠  functions: Unable to fetch project Admin SDK configuration, Admin SDK behavior in Cloud Functions emulator may be incorrect. {"metadata":{"emulator":{"name":"functions"},"message":"Unable to fetch project Admin SDK configuration, Admin SDK behavior in Cloud Functions emulator may be incorrect."}}
[info] i  ui: downloading ui-v1.15.0.zip... {"metadata":{"emulator":{"name":"ui"},"message":"downloading ui-v1.15.0.zip..."}}
[debug] [2026-08-16T09:12:22.420Z] >>> [apiv2][query] GET https://storage.googleapis.com/firebase-preview-drop/emulator/ui-v1.15.0.zip 
[debug] [2026-08-16T09:12:22.942Z] <<< [apiv2][status] GET https://firebase-public.firebaseio.com/cli.json 200
[debug] [2026-08-16T09:12:22.942Z] <<< [apiv2][body] GET https://firebase-public.firebaseio.com/cli.json {"cloudBuildErrorAfter":1594252800000,"cloudBuildWarnAfter":1590019200000,"defaultNode10After":1594252800000,"minVersion":"3.0.5","node8DeploysDisabledAfter":1613390400000,"node8RuntimeDisabledAfter":1615809600000,"node8WarnAfter":1600128000000}
[debug] [2026-08-16T09:12:23.044Z] <<< [apiv2][status] GET https://storage.googleapis.com/firebase-preview-drop/emulator/ui-v1.15.0.zip 200
[debug] [2026-08-16T09:12:23.045Z] <<< [apiv2][body] GET https://storage.googleapis.com/firebase-preview-drop/emulator/ui-v1.15.0.zip [stream]
[debug] [2026-08-16T09:12:26.218Z] Data is 3538469
[debug] [2026-08-16T09:12:26.219Z] [unzip] Entry: client/ (compressed_size=0 bytes, uncompressed_size=0 bytes)
[debug] [2026-08-16T09:12:26.219Z] [unzip] Processing entry: client/
[debug] [2026-08-16T09:12:26.219Z] [unzip] mkdir: /Users/kalyanbasa/.cache/firebase/emulators/ui-v1.15.0/client/
[debug] [2026-08-16T09:12:26.220Z] [unzip] Entry: client/favicon-16x16.png (compressed_size=293 bytes, uncompressed_size=293 bytes)
[debug] [2026-08-16T09:12:26.220Z] [unzip] Processing entry: client/favicon-16x16.png
[debug] [2026-08-16T09:12:26.220Z] [unzip] else mkdir: /Users/kalyanbasa/.cache/firebase/emulators/ui-v1.15.0/client
[debug] [2026-08-16T09:12:26.221Z] [unzip] Writing file: /Users/kalyanbasa/.cache/firebase/emulators/ui-v1.15.0/client/favicon-16x16.png
[debug] [2026-08-16T09:12:26.221Z] [unzip] Entry: client/safari-pinned-tab.svg (compressed_size=1433 bytes, uncompressed_size=2611 bytes)
[debug] [2026-08-16T09:12:26.221Z] [unzip] Processing entry: client/safari-pinned-tab.svg
[debug] [2026-08-16T09:12:26.221Z] [unzip] else mkdir: /Users/kalyanbasa/.cache/firebase/emulators/ui-v1.15.0/client
[debug] [2026-08-16T09:12:26.221Z] [unzip] deflating: /Users/kalyanbasa/.cache/firebase/emulators/ui-v1.15.0/client/safari-pinned-tab.svg
[debug] [2026-08-16T09:12:26.226Z] [unzip] Entry: client/favicon.ico (compressed_size=2933 bytes, uncompressed_size=13294 bytes)
[debug] [2026-08-16T09:12:26.226Z] [unzip] Processing entry: client/favicon.ico
[debug] [2026-08-16T09:12:26.226Z] [unzip] else mkdir: /Users/kalyanbasa/.cache/firebase/emulators/ui-v1.15.0/client
[debug] [2026-08-16T09:12:26.226Z] [unzip] deflating: /Users/kalyanbasa/.cache/firebase/emulators/ui-v1.15.0/client/favicon.ico
[debug] [2026-08-16T09:12:26.226Z] [unzip] Entry: client/index.html (compressed_size=1364 bytes, uncompressed_size=3071 bytes)
[debug] [2026-08-16T09:12:26.226Z] [unzip] Processing entry: client/index.html
[debug] [2026-08-16T09:12:26.226Z] [unzip] else mkdir: /Users/kalyanbasa/.cache/firebase/emulators/ui-v1.15.0/client
[debug] [2026-08-16T09:12:26.226Z] [unzip] deflating: /Users/kalyanbasa/.cache/firebase/emulators/ui-v1.15.0/client/index.html
[debug] [2026-08-16T09:12:26.227Z] [unzip] Entry: client/android-chrome-192x192.png (compressed_size=2684 bytes, uncompressed_size=2684 bytes)
[debug] [2026-08-16T09:12:26.227Z] [unzip] Processing entry: client/android-chrome-192x192.png
[debug] [2026-08-16T09:12:26.227Z] [unzip] else mkdir: /Users/kalyanbasa/.cache/firebase/emulators/ui-v1.15.0/client
[debug] [2026-08-16T09:12:26.227Z] [unzip] Writing file: /Users/kalyanbasa/.cache/firebase/emulators/ui-v1.15.0/client/android-chrome-192x192.png
[debug] [2026-08-16T09:12:26.227Z] [unzip] Entry: client/apple-touch-icon.png (compressed_size=2123 bytes, uncompressed_size=2152 bytes)
[debug] [2026-08-16T09:12:26.227Z] [unzip] Processing entry: client/apple-touch-icon.png
[debug] [2026-08-16T09:12:26.227Z] [unzip] else mkdir: /Users/kalyanbasa/.cache/firebase/emulators/ui-v1.15.0/client
[debug] [2026-08-16T09:12:26.227Z] [unzip] deflating: /Users/kalyanbasa/.cache/firebase/emulators/ui-v1.15.0/client/apple-touch-icon.png
[debug] [2026-08-16T09:12:26.228Z] [unzip] Entry: client/android-chrome-512x512.png (compressed_size=5369 bytes, uncompressed_size=5411 bytes)
[debug] [2026-08-16T09:12:26.228Z] [unzip] Processing entry: client/android-chrome-512x512.png
[debug] [2026-08-16T09:12:26.228Z] [unzip] else mkdir: /Users/kalyanbasa/.cache/firebase/emulators/ui-v1.15.0/client
[debug] [2026-08-16T09:12:26.228Z] [unzip] deflating: /Users/kalyanbasa/.cache/firebase/emulators/ui-v1.15.0/client/android-chrome-512x512.png
[debug] [2026-08-16T09:12:26.228Z] [unzip] Entry: client/manifest.json (compressed_size=245 bytes, uncompressed_size=551 bytes)
[debug] [2026-08-16T09:12:26.228Z] [unzip] Processing entry: client/manifest.json
[debug] [2026-08-16T09:12:26.228Z] [unzip] else mkdir: /Users/kalyanbasa/.cache/firebase/emulators/ui-v1.15.0/client
[debug] [2026-08-16T09:12:26.228Z] [unzip] deflating: /Users/kalyanbasa/.cache/firebase/emulators/ui-v1.15.0/client/manifest.json
[debug] [2026-08-16T09:12:26.229Z] [unzip] Entry: client/robots.txt (compressed_size=26 bytes, uncompressed_size=26 bytes)
[debug] [2026-08-16T09:12:26.229Z] [unzip] Processing entry: client/robots.txt
[debug] [2026-08-16T09:12:26.229Z] [unzip] else mkdir: /Users/kalyanbasa/.cache/firebase/emulators/ui-v1.15.0/client
[debug] [2026-08-16T09:12:26.229Z] [unzip] Writing file: /Users/kalyanbasa/.cache/firebase/emulators/ui-v1.15.0/client/robots.txt
[debug] [2026-08-16T09:12:26.229Z] [unzip] Entry: client/mstile-150x150.png (compressed_size=2034 bytes, uncompressed_size=2034 bytes)
[debug] [2026-08-16T09:12:26.229Z] [unzip] Processing entry: client/mstile-150x150.png
[debug] [2026-08-16T09:12:26.229Z] [unzip] else mkdir: /Users/kalyanbasa/.cache/firebase/emulators/ui-v1.15.0/client
[debug] [2026-08-16T09:12:26.229Z] [unzip] Writing file: /Users/kalyanbasa/.cache/firebase/emulators/ui-v1.15.0/client/mstile-150x150.png
[debug] [2026-08-16T09:12:26.229Z] [unzip] Entry: client/assets/ (compressed_size=0 bytes, uncompressed_size=0 bytes)
[debug] [2026-08-16T09:12:26.229Z] [unzip] Processing entry: client/assets/
[debug] [2026-08-16T09:12:26.229Z] [unzip] mkdir: /Users/kalyanbasa/.cache/firebase/emulators/ui-v1.15.0/client/assets/
[debug] [2026-08-16T09:12:26.229Z] [unzip] Entry: client/assets/index-BX-A56oj.js (compressed_size=582089 bytes, uncompressed_size=2092775 bytes)
[debug] [2026-08-16T09:12:26.229Z] [unzip] Processing entry: client/assets/index-BX-A56oj.js
[debug] [2026-08-16T09:12:26.229Z] [unzip] else mkdir: /Users/kalyanbasa/.cache/firebase/emulators/ui-v1.15.0/client/assets
[debug] [2026-08-16T09:12:26.229Z] [unzip] deflating: /Users/kalyanbasa/.cache/firebase/emulators/ui-v1.15.0/client/assets/index-BX-A56oj.js
[debug] [2026-08-16T09:12:26.238Z] [unzip] Entry: client/assets/index-CjB9C900.css (compressed_size=35979 bytes, uncompressed_size=298654 bytes)
[debug] [2026-08-16T09:12:26.238Z] [unzip] Processing entry: client/assets/index-CjB9C900.css
[debug] [2026-08-16T09:12:26.238Z] [unzip] else mkdir: /Users/kalyanbasa/.cache/firebase/emulators/ui-v1.15.0/client/assets
[debug] [2026-08-16T09:12:26.238Z] [unzip] deflating: /Users/kalyanbasa/.cache/firebase/emulators/ui-v1.15.0/client/assets/index-CjB9C900.css
[debug] [2026-08-16T09:12:26.241Z] [unzip] Entry: client/assets/index-BX-A56oj.js.map (compressed_size=2362482 bytes, uncompressed_size=10036679 bytes)
[debug] [2026-08-16T09:12:26.241Z] [unzip] Processing entry: client/assets/index-BX-A56oj.js.map
[debug] [2026-08-16T09:12:26.241Z] [unzip] else mkdir: /Users/kalyanbasa/.cache/firebase/emulators/ui-v1.15.0/client/assets
[debug] [2026-08-16T09:12:26.241Z] [unzip] deflating: /Users/kalyanbasa/.cache/firebase/emulators/ui-v1.15.0/client/assets/index-BX-A56oj.js.map
[debug] [2026-08-16T09:12:26.276Z] [unzip] Entry: client/assets/extensions/ (compressed_size=0 bytes, uncompressed_size=0 bytes)
[debug] [2026-08-16T09:12:26.277Z] [unzip] Processing entry: client/assets/extensions/
[debug] [2026-08-16T09:12:26.277Z] [unzip] mkdir: /Users/kalyanbasa/.cache/firebase/emulators/ui-v1.15.0/client/assets/extensions/
[debug] [2026-08-16T09:12:26.277Z] [unzip] Entry: client/assets/extensions/default-extension.png (compressed_size=1646 bytes, uncompressed_size=1657 bytes)
[debug] [2026-08-16T09:12:26.277Z] [unzip] Processing entry: client/assets/extensions/default-extension.png
[debug] [2026-08-16T09:12:26.277Z] [unzip] else mkdir: /Users/kalyanbasa/.cache/firebase/emulators/ui-v1.15.0/client/assets/extensions
[debug] [2026-08-16T09:12:26.277Z] [unzip] deflating: /Users/kalyanbasa/.cache/firebase/emulators/ui-v1.15.0/client/assets/extensions/default-extension.png
[debug] [2026-08-16T09:12:26.277Z] [unzip] Entry: client/assets/img/ (compressed_size=0 bytes, uncompressed_size=0 bytes)
[debug] [2026-08-16T09:12:26.277Z] [unzip] Processing entry: client/assets/img/
[debug] [2026-08-16T09:12:26.277Z] [unzip] mkdir: /Users/kalyanbasa/.cache/firebase/emulators/ui-v1.15.0/client/assets/img/
[debug] [2026-08-16T09:12:26.277Z] [unzip] Entry: client/assets/img/database.png (compressed_size=29449 bytes, uncompressed_size=29988 bytes)
[debug] [2026-08-16T09:12:26.277Z] [unzip] Processing entry: client/assets/img/database.png
[debug] [2026-08-16T09:12:26.277Z] [unzip] else mkdir: /Users/kalyanbasa/.cache/firebase/emulators/ui-v1.15.0/client/assets/img
[debug] [2026-08-16T09:12:26.278Z] [unzip] deflating: /Users/kalyanbasa/.cache/firebase/emulators/ui-v1.15.0/client/assets/img/database.png
[debug] [2026-08-16T09:12:26.278Z] [unzip] Entry: client/assets/provider-icons/ (compressed_size=0 bytes, uncompressed_size=0 bytes)
[debug] [2026-08-16T09:12:26.278Z] [unzip] Processing entry: client/assets/provider-icons/
[debug] [2026-08-16T09:12:26.278Z] [unzip] mkdir: /Users/kalyanbasa/.cache/firebase/emulators/ui-v1.15.0/client/assets/provider-icons/
[debug] [2026-08-16T09:12:26.278Z] [unzip] Entry: client/assets/provider-icons/auth_service_saml.svg (compressed_size=575 bytes, uncompressed_size=1226 bytes)
[debug] [2026-08-16T09:12:26.278Z] [unzip] Processing entry: client/assets/provider-icons/auth_service_saml.svg
[debug] [2026-08-16T09:12:26.278Z] [unzip] else mkdir: /Users/kalyanbasa/.cache/firebase/emulators/ui-v1.15.0/client/assets/provider-icons
[debug] [2026-08-16T09:12:26.279Z] [unzip] deflating: /Users/kalyanbasa/.cache/firebase/emulators/ui-v1.15.0/client/assets/provider-icons/auth_service_saml.svg
[debug] [2026-08-16T09:12:26.279Z] [unzip] Entry: client/assets/provider-icons/auth_service_phone.svg (compressed_size=261 bytes, uncompressed_size=414 bytes)
[debug] [2026-08-16T09:12:26.279Z] [unzip] Processing entry: client/assets/provider-icons/auth_service_phone.svg
[debug] [2026-08-16T09:12:26.279Z] [unzip] else mkdir: /Users/kalyanbasa/.cache/firebase/emulators/ui-v1.15.0/client/assets/provider-icons
[debug] [2026-08-16T09:12:26.279Z] [unzip] deflating: /Users/kalyanbasa/.cache/firebase/emulators/ui-v1.15.0/client/assets/provider-icons/auth_service_phone.svg
[debug] [2026-08-16T09:12:26.280Z] [unzip] Entry: client/assets/provider-icons/auth_service_facebook.svg (compressed_size=289 bytes, uncompressed_size=457 bytes)
[debug] [2026-08-16T09:12:26.280Z] [unzip] Processing entry: client/assets/provider-icons/auth_service_facebook.svg
[debug] [2026-08-16T09:12:26.280Z] [unzip] else mkdir: /Users/kalyanbasa/.cache/firebase/emulators/ui-v1.15.0/client/assets/provider-icons
[debug] [2026-08-16T09:12:26.280Z] [unzip] deflating: /Users/kalyanbasa/.cache/firebase/emulators/ui-v1.15.0/client/assets/provider-icons/auth_service_facebook.svg
[debug] [2026-08-16T09:12:26.281Z] [unzip] Entry: client/assets/provider-icons/auth_service_game_center.svg (compressed_size=991 bytes, uncompressed_size=3921 bytes)
[debug] [2026-08-16T09:12:26.281Z] [unzip] Processing entry: client/assets/provider-icons/auth_service_game_center.svg
[debug] [2026-08-16T09:12:26.281Z] [unzip] else mkdir: /Users/kalyanbasa/.cache/firebase/emulators/ui-v1.15.0/client/assets/provider-icons
[debug] [2026-08-16T09:12:26.282Z] [unzip] deflating: /Users/kalyanbasa/.cache/firebase/emulators/ui-v1.15.0/client/assets/provider-icons/auth_service_game_center.svg
[debug] [2026-08-16T09:12:26.283Z] [unzip] Entry: client/assets/provider-icons/auth_service_apple.svg (compressed_size=230 bytes, uncompressed_size=334 bytes)
[debug] [2026-08-16T09:12:26.283Z] [unzip] Processing entry: client/assets/provider-icons/auth_service_apple.svg
[debug] [2026-08-16T09:12:26.283Z] [unzip] else mkdir: /Users/kalyanbasa/.cache/firebase/emulators/ui-v1.15.0/client/assets/provider-icons
[debug] [2026-08-16T09:12:26.283Z] [unzip] deflating: /Users/kalyanbasa/.cache/firebase/emulators/ui-v1.15.0/client/assets/provider-icons/auth_service_apple.svg
[debug] [2026-08-16T09:12:26.284Z] [unzip] Entry: client/assets/provider-icons/auth_service_github.svg (compressed_size=466 bytes, uncompressed_size=838 bytes)
[debug] [2026-08-16T09:12:26.284Z] [unzip] Processing entry: client/assets/provider-icons/auth_service_github.svg
[debug] [2026-08-16T09:12:26.284Z] [unzip] else mkdir: /Users/kalyanbasa/.cache/firebase/emulators/ui-v1.15.0/client/assets/provider-icons
[debug] [2026-08-16T09:12:26.284Z] [unzip] deflating: /Users/kalyanbasa/.cache/firebase/emulators/ui-v1.15.0/client/assets/provider-icons/auth_service_github.svg
[debug] [2026-08-16T09:12:26.284Z] [unzip] Entry: client/assets/provider-icons/auth_service_mslive.svg (compressed_size=203 bytes, uncompressed_size=378 bytes)
[debug] [2026-08-16T09:12:26.284Z] [unzip] Processing entry: client/assets/provider-icons/auth_service_mslive.svg
[debug] [2026-08-16T09:12:26.284Z] [unzip] else mkdir: /Users/kalyanbasa/.cache/firebase/emulators/ui-v1.15.0/client/assets/provider-icons
[debug] [2026-08-16T09:12:26.284Z] [unzip] deflating: /Users/kalyanbasa/.cache/firebase/emulators/ui-v1.15.0/client/assets/provider-icons/auth_service_mslive.svg
[debug] [2026-08-16T09:12:26.285Z] [unzip] Entry: client/assets/provider-icons/auth_service_yahoo.svg (compressed_size=577 bytes, uncompressed_size=1182 bytes)
[debug] [2026-08-16T09:12:26.285Z] [unzip] Processing entry: client/assets/provider-icons/auth_service_yahoo.svg
[debug] [2026-08-16T09:12:26.285Z] [unzip] else mkdir: /Users/kalyanbasa/.cache/firebase/emulators/ui-v1.15.0/client/assets/provider-icons
[debug] [2026-08-16T09:12:26.285Z] [unzip] deflating: /Users/kalyanbasa/.cache/firebase/emulators/ui-v1.15.0/client/assets/provider-icons/auth_service_yahoo.svg
[debug] [2026-08-16T09:12:26.285Z] [unzip] Entry: client/assets/provider-icons/auth_service_twitter.svg (compressed_size=444 bytes, uncompressed_size=751 bytes)
[debug] [2026-08-16T09:12:26.285Z] [unzip] Processing entry: client/assets/provider-icons/auth_service_twitter.svg
[debug] [2026-08-16T09:12:26.285Z] [unzip] else mkdir: /Users/kalyanbasa/.cache/firebase/emulators/ui-v1.15.0/client/assets/provider-icons
[debug] [2026-08-16T09:12:26.285Z] [unzip] deflating: /Users/kalyanbasa/.cache/firebase/emulators/ui-v1.15.0/client/assets/provider-icons/auth_service_twitter.svg
[debug] [2026-08-16T09:12:26.285Z] [unzip] Entry: client/assets/provider-icons/auth_service_play_games.svg (compressed_size=565 bytes, uncompressed_size=1173 bytes)
[debug] [2026-08-16T09:12:26.285Z] [unzip] Processing entry: client/assets/provider-icons/auth_service_play_games.svg
[debug] [2026-08-16T09:12:26.285Z] [unzip] else mkdir: /Users/kalyanbasa/.cache/firebase/emulators/ui-v1.15.0/client/assets/provider-icons
[debug] [2026-08-16T09:12:26.285Z] [unzip] deflating: /Users/kalyanbasa/.cache/firebase/emulators/ui-v1.15.0/client/assets/provider-icons/auth_service_play_games.svg
[debug] [2026-08-16T09:12:26.286Z] [unzip] Entry: client/assets/provider-icons/auth_service_email.svg (compressed_size=228 bytes, uncompressed_size=326 bytes)
[debug] [2026-08-16T09:12:26.286Z] [unzip] Processing entry: client/assets/provider-icons/auth_service_email.svg
[debug] [2026-08-16T09:12:26.286Z] [unzip] else mkdir: /Users/kalyanbasa/.cache/firebase/emulators/ui-v1.15.0/client/assets/provider-icons
[debug] [2026-08-16T09:12:26.286Z] [unzip] deflating: /Users/kalyanbasa/.cache/firebase/emulators/ui-v1.15.0/client/assets/provider-icons/auth_service_email.svg
[debug] [2026-08-16T09:12:26.286Z] [unzip] Entry: client/assets/provider-icons/auth_service_google.svg (compressed_size=409 bytes, uncompressed_size=720 bytes)
[debug] [2026-08-16T09:12:26.286Z] [unzip] Processing entry: client/assets/provider-icons/auth_service_google.svg
[debug] [2026-08-16T09:12:26.286Z] [unzip] else mkdir: /Users/kalyanbasa/.cache/firebase/emulators/ui-v1.15.0/client/assets/provider-icons
[debug] [2026-08-16T09:12:26.286Z] [unzip] deflating: /Users/kalyanbasa/.cache/firebase/emulators/ui-v1.15.0/client/assets/provider-icons/auth_service_google.svg
[debug] [2026-08-16T09:12:26.287Z] [unzip] Entry: client/assets/provider-icons/auth_service_oidc.svg (compressed_size=414 bytes, uncompressed_size=858 bytes)
[debug] [2026-08-16T09:12:26.287Z] [unzip] Processing entry: client/assets/provider-icons/auth_service_oidc.svg
[debug] [2026-08-16T09:12:26.287Z] [unzip] else mkdir: /Users/kalyanbasa/.cache/firebase/emulators/ui-v1.15.0/client/assets/provider-icons
[debug] [2026-08-16T09:12:26.287Z] [unzip] deflating: /Users/kalyanbasa/.cache/firebase/emulators/ui-v1.15.0/client/assets/provider-icons/auth_service_oidc.svg
[debug] [2026-08-16T09:12:26.287Z] [unzip] Entry: client/browserconfig.xml (compressed_size=491 bytes, uncompressed_size=822 bytes)
[debug] [2026-08-16T09:12:26.287Z] [unzip] Processing entry: client/browserconfig.xml
[debug] [2026-08-16T09:12:26.287Z] [unzip] else mkdir: /Users/kalyanbasa/.cache/firebase/emulators/ui-v1.15.0/client
[debug] [2026-08-16T09:12:26.287Z] [unzip] deflating: /Users/kalyanbasa/.cache/firebase/emulators/ui-v1.15.0/client/browserconfig.xml
[debug] [2026-08-16T09:12:26.288Z] [unzip] Entry: client/favicon-32x32.png (compressed_size=475 bytes, uncompressed_size=475 bytes)
[debug] [2026-08-16T09:12:26.288Z] [unzip] Processing entry: client/favicon-32x32.png
[debug] [2026-08-16T09:12:26.288Z] [unzip] else mkdir: /Users/kalyanbasa/.cache/firebase/emulators/ui-v1.15.0/client
[debug] [2026-08-16T09:12:26.288Z] [unzip] Writing file: /Users/kalyanbasa/.cache/firebase/emulators/ui-v1.15.0/client/favicon-32x32.png
[debug] [2026-08-16T09:12:26.288Z] [unzip] Entry: server/ (compressed_size=0 bytes, uncompressed_size=0 bytes)
[debug] [2026-08-16T09:12:26.288Z] [unzip] Processing entry: server/
[debug] [2026-08-16T09:12:26.288Z] [unzip] mkdir: /Users/kalyanbasa/.cache/firebase/emulators/ui-v1.15.0/server/
[debug] [2026-08-16T09:12:26.288Z] [unzip] Entry: server/server.mjs.map (compressed_size=217845 bytes, uncompressed_size=944978 bytes)
[debug] [2026-08-16T09:12:26.288Z] [unzip] Processing entry: server/server.mjs.map
[debug] [2026-08-16T09:12:26.288Z] [unzip] else mkdir: /Users/kalyanbasa/.cache/firebase/emulators/ui-v1.15.0/server
[debug] [2026-08-16T09:12:26.288Z] [unzip] deflating: /Users/kalyanbasa/.cache/firebase/emulators/ui-v1.15.0/server/server.mjs.map
[debug] [2026-08-16T09:12:26.292Z] [unzip] Entry: server/server.mjs (compressed_size=276407 bytes, uncompressed_size=933701 bytes)
[debug] [2026-08-16T09:12:26.292Z] [unzip] Processing entry: server/server.mjs
[debug] [2026-08-16T09:12:26.292Z] [unzip] else mkdir: /Users/kalyanbasa/.cache/firebase/emulators/ui-v1.15.0/server
[debug] [2026-08-16T09:12:26.292Z] [unzip] deflating: /Users/kalyanbasa/.cache/firebase/emulators/ui-v1.15.0/server/server.mjs
[info] i  functions: Watching "/Users/kalyanbasa/Desktop/FICO app/functions" for Cloud Functions... {"metadata":{"emulator":{"name":"functions"},"message":"Watching \"/Users/kalyanbasa/Desktop/FICO app/functions\" for Cloud Functions..."}}
[debug] [2026-08-16T09:12:26.301Z] Validating nodejs source
[warn] ⚠  functions: package.json indicates an outdated version of firebase-functions. Please upgrade using npm install --save firebase-functions@latest in your functions directory. 
[warn] ⚠  functions: Please note that there will be breaking changes when you upgrade. 
[debug] [2026-08-16T09:12:27.883Z] > [functions] package.json contents: {
  "name": "functions",
  "description": "Cloud Functions for Razorpay Integration",
  "scripts": {
    "serve": "firebase emulators:start --only functions",
    "shell": "firebase functions:shell",
    "start": "npm run shell",
    "deploy": "firebase deploy --only functions",
    "logs": "firebase functions:log"
  },
  "engines": {
    "node": "18"
  },
  "main": "index.js",
  "dependencies": {
    "cors": "^2.8.5",
    "firebase-admin": "^11.8.0",
    "firebase-functions": "^4.3.1",
    "razorpay": "^2.9.2"
  },
  "devDependencies": {
    "firebase-functions-test": "^3.1.0"
  },
  "private": true
}
[debug] [2026-08-16T09:12:27.883Z] Building nodejs source
[debug] [2026-08-16T09:12:27.884Z] Failed to find version of module node: reached end of search path /Users/kalyanbasa/Desktop/FICO app/functions/node_modules
[warn] ⚠  functions: Your requested "node" version "18" doesn't match your global version "24". Using node@24 from host. 
[info] i  functions: You are using a version of firebase-functions SDK (4.9.0) that does not have support for the newest Firebase Extensions features. Please update firebase-functions SDK to >=5.1.0 to use them correctly 
[debug] [2026-08-16T09:12:27.889Z] Could not find functions.yaml. Must use http discovery
[debug] [2026-08-16T09:12:27.902Z] Found firebase-functions binary at '/Users/kalyanbasa/Desktop/FICO app/functions/node_modules/.bin/firebase-functions'
[info] Serving at port 8644

[debug] [2026-08-16T09:12:28.645Z] Got response from /__/functions.yaml {"endpoints":{"createRazorpayOrder":{"platform":"gcfv1","labels":{},"availableMemoryMb":null,"timeoutSeconds":null,"minInstances":null,"maxInstances":null,"ingressSettings":null,"serviceAccountEmail":null,"vpc":null,"callableTrigger":{},"entryPoint":"createRazorpayOrder"},"verifyRazorpayPayment":{"platform":"gcfv1","labels":{},"availableMemoryMb":null,"timeoutSeconds":null,"minInstances":null,"maxInstances":null,"ingressSettings":null,"serviceAccountEmail":null,"vpc":null,"callableTrigger":{},"entryPoint":"verifyRazorpayPayment"}},"specVersion":"v1alpha1","requiredAPIs":[]}
[info] ✔  functions: Loaded functions definitions from source: createRazorpayOrder, verifyRazorpayPayment. {"metadata":{"emulator":{"name":"functions"},"message":"Loaded functions definitions from source: createRazorpayOrder, verifyRazorpayPayment."}}
[info] ✔  functions[us-central1-createRazorpayOrder]: http function initialized (http://127.0.0.1:5001/fico-app-f3cea/us-central1/createRazorpayOrder). {"metadata":{"emulator":{"name":"functions"},"message":"http function initialized (http://127.0.0.1:5001/fico-app-f3cea/us-central1/createRazorpayOrder)."}}
[info] ✔  functions[us-central1-verifyRazorpayPayment]: http function initialized (http://127.0.0.1:5001/fico-app-f3cea/us-central1/verifyRazorpayPayment). {"metadata":{"emulator":{"name":"functions"},"message":"http function initialized (http://127.0.0.1:5001/fico-app-f3cea/us-central1/verifyRazorpayPayment)."}}
[debug] [2026-08-16T09:12:31.688Z] Could not find VSCode notification endpoint: TypeError: fetch failed. If you are not running the Firebase SQL Connect VSCode extension, this is expected and not an issue.
[info] 
┌─────────────────────────────────────────────────────────────┐
│ ✔  All emulators ready! It is now safe to connect your app. │
│ i  View Emulator UI at http://127.0.0.1:4000/               │
└─────────────────────────────────────────────────────────────┘

┌───────────┬────────────────┬─────────────────────────────────┐
│ Emulator  │ Host:Port      │ View in Emulator UI             │
├───────────┼────────────────┼─────────────────────────────────┤
│ Functions │ 127.0.0.1:5001 │ http://127.0.0.1:4000/functions │
└───────────┴────────────────┴─────────────────────────────────┘
  Emulator Hub host: 127.0.0.1 port: 4400
  Other reserved ports: 4500

Issues? Report them at https://github.com/firebase/firebase-tools/issues and attach the *-debug.log files.
 
[debug] [2026-08-16T09:36:57.852Z] [work-queue] {"queuedWork":["/fico-app-f3cea/us-central1/createRazorpayOrder-2026-08-16T09:36:57.843Z"],"queueLength":1,"runningWork":[],"workRunningCount":0}
[debug] [2026-08-16T09:36:57.871Z] [work-queue] {"queuedWork":[],"queueLength":0,"runningWork":["/fico-app-f3cea/us-central1/createRazorpayOrder-2026-08-16T09:36:57.843Z"],"workRunningCount":1}
[debug] [2026-08-16T09:36:57.873Z] Accepted request OPTIONS /fico-app-f3cea/us-central1/createRazorpayOrder --> us-central1-createRazorpayOrder
[debug] [2026-08-16T09:36:57.885Z] [functions] Runtime ready! Sending request! {"metadata":{"emulator":{"name":"functions"},"message":"[functions] Runtime ready! Sending request!"}}
[debug] [2026-08-16T09:36:57.891Z] [functions] Got req.url=/fico-app-f3cea/us-central1/createRazorpayOrder, mapping to path=/ {"metadata":{"emulator":{"name":"functions"},"message":"[functions] Got req.url=/fico-app-f3cea/us-central1/createRazorpayOrder, mapping to path=/"}}
[debug] [2026-08-16T09:36:57.936Z] [worker-pool] addWorker(us-central1-createRazorpayOrder) {"metadata":{"emulator":{"name":"functions"},"message":"[worker-pool] addWorker(us-central1-createRazorpayOrder)"}}
[debug] [2026-08-16T09:36:57.937Z] [worker-pool] Adding worker with key us-central1-createRazorpayOrder, total=1 {"metadata":{"emulator":{"name":"functions"},"message":"[worker-pool] Adding worker with key us-central1-createRazorpayOrder, total=1"}}
[debug] [2026-08-16T09:36:58.793Z] [runtime-status] [61049] Resolved module firebase-admin {"declared":true,"installed":true,"version":"11.11.1","resolution":"/Users/kalyanbasa/Desktop/FICO app/functions/node_modules/firebase-admin/lib/index.js"} {"metadata":{"emulator":{"name":"functions"},"function":{"name":"us-central1-createRazorpayOrder"},"extension":{},"message":"[runtime-status] [61049] Resolved module firebase-admin {\"declared\":true,\"installed\":true,\"version\":\"11.11.1\",\"resolution\":\"/Users/kalyanbasa/Desktop/FICO app/functions/node_modules/firebase-admin/lib/index.js\"}"}}
[debug] [2026-08-16T09:36:58.793Z] [runtime-status] [61049] Resolved module firebase-functions {"declared":true,"installed":true,"version":"4.9.0","resolution":"/Users/kalyanbasa/Desktop/FICO app/functions/node_modules/firebase-functions/lib/v1/index.js"} {"metadata":{"emulator":{"name":"functions"},"function":{"name":"us-central1-createRazorpayOrder"},"extension":{},"message":"[runtime-status] [61049] Resolved module firebase-functions {\"declared\":true,\"installed\":true,\"version\":\"4.9.0\",\"resolution\":\"/Users/kalyanbasa/Desktop/FICO app/functions/node_modules/firebase-functions/lib/v1/index.js\"}"}}
[debug] [2026-08-16T09:36:58.794Z] [runtime-status] [61049] Outgoing network have been stubbed. [{"name":"http","status":"mocked"},{"name":"http","status":"mocked"},{"name":"https","status":"mocked"},{"name":"https","status":"mocked"},{"name":"net","status":"mocked"}] {"metadata":{"emulator":{"name":"functions"},"function":{"name":"us-central1-createRazorpayOrder"},"extension":{},"message":"[runtime-status] [61049] Outgoing network have been stubbed. [{\"name\":\"http\",\"status\":\"mocked\"},{\"name\":\"http\",\"status\":\"mocked\"},{\"name\":\"https\",\"status\":\"mocked\"},{\"name\":\"https\",\"status\":\"mocked\"},{\"name\":\"net\",\"status\":\"mocked\"}]"}}
[debug] [2026-08-16T09:36:58.794Z] [runtime-status] [61049] Resolved module firebase-functions {"declared":true,"installed":true,"version":"4.9.0","resolution":"/Users/kalyanbasa/Desktop/FICO app/functions/node_modules/firebase-functions/lib/v1/index.js"} {"metadata":{"emulator":{"name":"functions"},"function":{"name":"us-central1-createRazorpayOrder"},"extension":{},"message":"[runtime-status] [61049] Resolved module firebase-functions {\"declared\":true,\"installed\":true,\"version\":\"4.9.0\",\"resolution\":\"/Users/kalyanbasa/Desktop/FICO app/functions/node_modules/firebase-functions/lib/v1/index.js\"}"}}
[debug] [2026-08-16T09:36:58.900Z] [runtime-status] [61049] Resolved module firebase-admin {"declared":true,"installed":true,"version":"11.11.1","resolution":"/Users/kalyanbasa/Desktop/FICO app/functions/node_modules/firebase-admin/lib/index.js"} {"metadata":{"emulator":{"name":"functions"},"function":{"name":"us-central1-createRazorpayOrder"},"extension":{},"message":"[runtime-status] [61049] Resolved module firebase-admin {\"declared\":true,\"installed\":true,\"version\":\"11.11.1\",\"resolution\":\"/Users/kalyanbasa/Desktop/FICO app/functions/node_modules/firebase-admin/lib/index.js\"}"}}
[debug] [2026-08-16T09:36:58.901Z] [runtime-status] [61049] Resolved module firebase-functions {"declared":true,"installed":true,"version":"4.9.0","resolution":"/Users/kalyanbasa/Desktop/FICO app/functions/node_modules/firebase-functions/lib/v1/index.js"} {"metadata":{"emulator":{"name":"functions"},"function":{"name":"us-central1-createRazorpayOrder"},"extension":{},"message":"[runtime-status] [61049] Resolved module firebase-functions {\"declared\":true,\"installed\":true,\"version\":\"4.9.0\",\"resolution\":\"/Users/kalyanbasa/Desktop/FICO app/functions/node_modules/firebase-functions/lib/v1/index.js\"}"}}
[debug] [2026-08-16T09:36:58.964Z] [runtime-status] [61049] firebase-admin has been stubbed. {"adminResolution":{"declared":true,"installed":true,"version":"11.11.1","resolution":"/Users/kalyanbasa/Desktop/FICO app/functions/node_modules/firebase-admin/lib/index.js"}} {"metadata":{"emulator":{"name":"functions"},"function":{"name":"us-central1-createRazorpayOrder"},"extension":{},"message":"[runtime-status] [61049] firebase-admin has been stubbed. {\"adminResolution\":{\"declared\":true,\"installed\":true,\"version\":\"11.11.1\",\"resolution\":\"/Users/kalyanbasa/Desktop/FICO app/functions/node_modules/firebase-admin/lib/index.js\"}}"}}
[debug] [2026-08-16T09:36:59.009Z] [runtime-status] [61049] initializeApp(DEFAULT) {"storageBucket":"fico-app-f3cea.appspot.com","databaseURL":"https://fico-app-f3cea.firebaseio.com","projectId":"fico-app-f3cea"} {"metadata":{"emulator":{"name":"functions"},"function":{"name":"us-central1-createRazorpayOrder"},"extension":{},"message":"[runtime-status] [61049] initializeApp(DEFAULT) {\"storageBucket\":\"fico-app-f3cea.appspot.com\",\"databaseURL\":\"https://fico-app-f3cea.firebaseio.com\",\"projectId\":\"fico-app-f3cea\"}"}}
[warn] ⚠  functions: The Cloud Firestore emulator is not running, so calls to Firestore will affect production. {"metadata":{"emulator":{"name":"functions"},"function":{"name":"us-central1-createRazorpayOrder"},"extension":{},"message":"The Cloud Firestore emulator is not running, so calls to Firestore will affect production."}}
[debug] [2026-08-16T09:36:59.020Z] [runtime-status] [61049] Functions runtime initialized. {"cwd":"/Users/kalyanbasa/Desktop/FICO app/functions","node_version":"24.19.0"} {"metadata":{"emulator":{"name":"functions"},"function":{"name":"us-central1-createRazorpayOrder"},"extension":{},"message":"[runtime-status] [61049] Functions runtime initialized. {\"cwd\":\"/Users/kalyanbasa/Desktop/FICO app/functions\",\"node_version\":\"24.19.0\"}"}}
[debug] [2026-08-16T09:36:59.020Z] [runtime-status] [61049] Listening to port: /var/folders/jw/6lj7hpn5139d1g9b24qm2zn80000gn/T/fire_emu_325d434c98cb70c1.sock {"metadata":{"emulator":{"name":"functions"},"function":{"name":"us-central1-createRazorpayOrder"},"extension":{},"message":"[runtime-status] [61049] Listening to port: /var/folders/jw/6lj7hpn5139d1g9b24qm2zn80000gn/T/fire_emu_325d434c98cb70c1.sock"}}
[debug] [2026-08-16T09:36:59.067Z] [worker-us-central1-createRazorpayOrder-7914ab26-6bb8-4ebb-8ef7-6a4c8a6d2d78]: IDLE {"metadata":{"emulator":{"name":"functions"},"function":{"name":"us-central1-createRazorpayOrder"},"extension":{},"message":"[worker-us-central1-createRazorpayOrder-7914ab26-6bb8-4ebb-8ef7-6a4c8a6d2d78]: IDLE"}}
[debug] [2026-08-16T09:36:59.067Z] [worker-pool] submitRequest(triggerId=us-central1-createRazorpayOrder) {"metadata":{"emulator":{"name":"functions"},"message":"[worker-pool] submitRequest(triggerId=us-central1-createRazorpayOrder)"}}
[info] i  functions: Beginning execution of "us-central1-createRazorpayOrder" {"metadata":{"emulator":{"name":"functions"},"function":{"name":"us-central1-createRazorpayOrder"},"extension":{},"message":"Beginning execution of \"us-central1-createRazorpayOrder\""}}
[debug] [2026-08-16T09:36:59.067Z] [worker-us-central1-createRazorpayOrder-7914ab26-6bb8-4ebb-8ef7-6a4c8a6d2d78]: BUSY {"metadata":{"emulator":{"name":"functions"},"function":{"name":"us-central1-createRazorpayOrder"},"extension":{},"message":"[worker-us-central1-createRazorpayOrder-7914ab26-6bb8-4ebb-8ef7-6a4c8a6d2d78]: BUSY"}}
[debug] [2026-08-16T09:36:59.073Z] Finishing up request with event=pause {"metadata":{"emulator":{"name":"functions"},"function":{"name":"us-central1-createRazorpayOrder"},"extension":{},"message":"Finishing up request with event=pause"}}
[info] i  functions: Finished "us-central1-createRazorpayOrder" in 5.458917ms {"metadata":{"emulator":{"name":"functions"},"function":{"name":"us-central1-createRazorpayOrder"},"extension":{},"message":"Finished \"us-central1-createRazorpayOrder\" in 5.458917ms"}}
[debug] [2026-08-16T09:36:59.073Z] [worker-us-central1-createRazorpayOrder-7914ab26-6bb8-4ebb-8ef7-6a4c8a6d2d78]: IDLE {"metadata":{"emulator":{"name":"functions"},"function":{"name":"us-central1-createRazorpayOrder"},"extension":{},"message":"[worker-us-central1-createRazorpayOrder-7914ab26-6bb8-4ebb-8ef7-6a4c8a6d2d78]: IDLE"}}
[debug] [2026-08-16T09:36:59.073Z] Finishing up request with event=finish {"metadata":{"emulator":{"name":"functions"},"function":{"name":"us-central1-createRazorpayOrder"},"extension":{},"message":"Finishing up request with event=finish"}}
[debug] [2026-08-16T09:36:59.073Z] Finishing up request with event=close {"metadata":{"emulator":{"name":"functions"},"function":{"name":"us-central1-createRazorpayOrder"},"extension":{},"message":"Finishing up request with event=close"}}
[debug] [2026-08-16T09:36:59.073Z] [work-queue] {"queuedWork":[],"queueLength":0,"runningWork":[],"workRunningCount":0}
[debug] [2026-08-16T09:36:59.076Z] [work-queue] {"queuedWork":["/fico-app-f3cea/us-central1/createRazorpayOrder-2026-08-16T09:36:59.076Z"],"queueLength":1,"runningWork":[],"workRunningCount":0}
[debug] [2026-08-16T09:36:59.076Z] [work-queue] {"queuedWork":[],"queueLength":0,"runningWork":["/fico-app-f3cea/us-central1/createRazorpayOrder-2026-08-16T09:36:59.076Z"],"workRunningCount":1}
[debug] [2026-08-16T09:36:59.076Z] Accepted request POST /fico-app-f3cea/us-central1/createRazorpayOrder --> us-central1-createRazorpayOrder
[debug] [2026-08-16T09:36:59.076Z] [functions] Runtime ready! Sending request! {"metadata":{"emulator":{"name":"functions"},"message":"[functions] Runtime ready! Sending request!"}}
[debug] [2026-08-16T09:36:59.076Z] [functions] Got req.url=/fico-app-f3cea/us-central1/createRazorpayOrder, mapping to path=/ {"metadata":{"emulator":{"name":"functions"},"message":"[functions] Got req.url=/fico-app-f3cea/us-central1/createRazorpayOrder, mapping to path=/"}}
[debug] [2026-08-16T09:36:59.076Z] [worker-pool] submitRequest(triggerId=us-central1-createRazorpayOrder) {"metadata":{"emulator":{"name":"functions"},"message":"[worker-pool] submitRequest(triggerId=us-central1-createRazorpayOrder)"}}
[info] i  functions: Beginning execution of "us-central1-createRazorpayOrder" {"metadata":{"emulator":{"name":"functions"},"function":{"name":"us-central1-createRazorpayOrder"},"extension":{},"message":"Beginning execution of \"us-central1-createRazorpayOrder\""}}
[debug] [2026-08-16T09:36:59.077Z] [worker-us-central1-createRazorpayOrder-7914ab26-6bb8-4ebb-8ef7-6a4c8a6d2d78]: BUSY {"metadata":{"emulator":{"name":"functions"},"function":{"name":"us-central1-createRazorpayOrder"},"extension":{},"message":"[worker-us-central1-createRazorpayOrder-7914ab26-6bb8-4ebb-8ef7-6a4c8a6d2d78]: BUSY"}}
[info] >  {"verifications":{"app":"MISSING","auth":"VALID"},"logging.googleapis.com/labels":{"firebase-log-type":"callable-request-verification"},"severity":"DEBUG","message":"Callable request verification passed"} {"user":{"verifications":{"app":"MISSING","auth":"VALID"},"logging.googleapis.com/labels":{"firebase-log-type":"callable-request-verification"},"severity":"DEBUG","message":"Callable request verification passed"},"metadata":{"emulator":{"name":"functions"},"function":{"name":"us-central1-createRazorpayOrder"},"extension":{},"message":">  {\"verifications\":{\"app\":\"MISSING\",\"auth\":\"VALID\"},\"logging.googleapis.com/labels\":{\"firebase-log-type\":\"callable-request-verification\"},\"severity\":\"DEBUG\",\"message\":\"Callable request verification passed\"}"}}
[debug] [2026-08-16T09:36:59.310Z] Finishing up request with event=pause {"metadata":{"emulator":{"name":"functions"},"function":{"name":"us-central1-createRazorpayOrder"},"extension":{},"message":"Finishing up request with event=pause"}}
[info] i  functions: Finished "us-central1-createRazorpayOrder" in 233.424625ms {"metadata":{"emulator":{"name":"functions"},"function":{"name":"us-central1-createRazorpayOrder"},"extension":{},"message":"Finished \"us-central1-createRazorpayOrder\" in 233.424625ms"}}
[debug] [2026-08-16T09:36:59.310Z] [worker-us-central1-createRazorpayOrder-7914ab26-6bb8-4ebb-8ef7-6a4c8a6d2d78]: IDLE {"metadata":{"emulator":{"name":"functions"},"function":{"name":"us-central1-createRazorpayOrder"},"extension":{},"message":"[worker-us-central1-createRazorpayOrder-7914ab26-6bb8-4ebb-8ef7-6a4c8a6d2d78]: IDLE"}}
[debug] [2026-08-16T09:36:59.310Z] Finishing up request with event=finish {"metadata":{"emulator":{"name":"functions"},"function":{"name":"us-central1-createRazorpayOrder"},"extension":{},"message":"Finishing up request with event=finish"}}
[debug] [2026-08-16T09:36:59.310Z] Finishing up request with event=close {"metadata":{"emulator":{"name":"functions"},"function":{"name":"us-central1-createRazorpayOrder"},"extension":{},"message":"Finishing up request with event=close"}}
[debug] [2026-08-16T09:36:59.310Z] [work-queue] {"queuedWork":[],"queueLength":0,"runningWork":[],"workRunningCount":0}
[debug] [2026-08-16T09:39:59.579Z] [work-queue] {"queuedWork":["/fico-app-f3cea/us-central1/createRazorpayOrder-2026-08-16T09:39:59.572Z"],"queueLength":1,"runningWork":[],"workRunningCount":0}
[debug] [2026-08-16T09:39:59.589Z] [work-queue] {"queuedWork":[],"queueLength":0,"runningWork":["/fico-app-f3cea/us-central1/createRazorpayOrder-2026-08-16T09:39:59.572Z"],"workRunningCount":1}
[debug] [2026-08-16T09:39:59.590Z] Accepted request OPTIONS /fico-app-f3cea/us-central1/createRazorpayOrder --> us-central1-createRazorpayOrder
[debug] [2026-08-16T09:39:59.594Z] [functions] Runtime ready! Sending request! {"metadata":{"emulator":{"name":"functions"},"message":"[functions] Runtime ready! Sending request!"}}
[debug] [2026-08-16T09:39:59.600Z] [functions] Got req.url=/fico-app-f3cea/us-central1/createRazorpayOrder, mapping to path=/ {"metadata":{"emulator":{"name":"functions"},"message":"[functions] Got req.url=/fico-app-f3cea/us-central1/createRazorpayOrder, mapping to path=/"}}
[debug] [2026-08-16T09:39:59.604Z] [worker-pool] submitRequest(triggerId=us-central1-createRazorpayOrder) {"metadata":{"emulator":{"name":"functions"},"message":"[worker-pool] submitRequest(triggerId=us-central1-createRazorpayOrder)"}}
[info] i  functions: Beginning execution of "us-central1-createRazorpayOrder" {"metadata":{"emulator":{"name":"functions"},"function":{"name":"us-central1-createRazorpayOrder"},"extension":{},"message":"Beginning execution of \"us-central1-createRazorpayOrder\""}}
[debug] [2026-08-16T09:39:59.616Z] [worker-us-central1-createRazorpayOrder-7914ab26-6bb8-4ebb-8ef7-6a4c8a6d2d78]: BUSY {"metadata":{"emulator":{"name":"functions"},"function":{"name":"us-central1-createRazorpayOrder"},"extension":{},"message":"[worker-us-central1-createRazorpayOrder-7914ab26-6bb8-4ebb-8ef7-6a4c8a6d2d78]: BUSY"}}
[debug] [2026-08-16T09:39:59.726Z] Finishing up request with event=pause {"metadata":{"emulator":{"name":"functions"},"function":{"name":"us-central1-createRazorpayOrder"},"extension":{},"message":"Finishing up request with event=pause"}}
[info] i  functions: Finished "us-central1-createRazorpayOrder" in 111.023917ms {"metadata":{"emulator":{"name":"functions"},"function":{"name":"us-central1-createRazorpayOrder"},"extension":{},"message":"Finished \"us-central1-createRazorpayOrder\" in 111.023917ms"}}
[debug] [2026-08-16T09:39:59.728Z] [worker-us-central1-createRazorpayOrder-7914ab26-6bb8-4ebb-8ef7-6a4c8a6d2d78]: IDLE {"metadata":{"emulator":{"name":"functions"},"function":{"name":"us-central1-createRazorpayOrder"},"extension":{},"message":"[worker-us-central1-createRazorpayOrder-7914ab26-6bb8-4ebb-8ef7-6a4c8a6d2d78]: IDLE"}}
[debug] [2026-08-16T09:39:59.728Z] Finishing up request with event=finish {"metadata":{"emulator":{"name":"functions"},"function":{"name":"us-central1-createRazorpayOrder"},"extension":{},"message":"Finishing up request with event=finish"}}
[debug] [2026-08-16T09:39:59.728Z] Finishing up request with event=close {"metadata":{"emulator":{"name":"functions"},"function":{"name":"us-central1-createRazorpayOrder"},"extension":{},"message":"Finishing up request with event=close"}}
[debug] [2026-08-16T09:39:59.728Z] [work-queue] {"queuedWork":[],"queueLength":0,"runningWork":[],"workRunningCount":0}
[debug] [2026-08-16T09:39:59.729Z] [work-queue] {"queuedWork":["/fico-app-f3cea/us-central1/createRazorpayOrder-2026-08-16T09:39:59.729Z"],"queueLength":1,"runningWork":[],"workRunningCount":0}
[debug] [2026-08-16T09:39:59.731Z] [work-queue] {"queuedWork":[],"queueLength":0,"runningWork":["/fico-app-f3cea/us-central1/createRazorpayOrder-2026-08-16T09:39:59.729Z"],"workRunningCount":1}
[debug] [2026-08-16T09:39:59.734Z] Accepted request POST /fico-app-f3cea/us-central1/createRazorpayOrder --> us-central1-createRazorpayOrder
[debug] [2026-08-16T09:39:59.735Z] [functions] Runtime ready! Sending request! {"metadata":{"emulator":{"name":"functions"},"message":"[functions] Runtime ready! Sending request!"}}
[debug] [2026-08-16T09:39:59.735Z] [functions] Got req.url=/fico-app-f3cea/us-central1/createRazorpayOrder, mapping to path=/ {"metadata":{"emulator":{"name":"functions"},"message":"[functions] Got req.url=/fico-app-f3cea/us-central1/createRazorpayOrder, mapping to path=/"}}
[debug] [2026-08-16T09:39:59.735Z] [worker-pool] submitRequest(triggerId=us-central1-createRazorpayOrder) {"metadata":{"emulator":{"name":"functions"},"message":"[worker-pool] submitRequest(triggerId=us-central1-createRazorpayOrder)"}}
[info] i  functions: Beginning execution of "us-central1-createRazorpayOrder" {"metadata":{"emulator":{"name":"functions"},"function":{"name":"us-central1-createRazorpayOrder"},"extension":{},"message":"Beginning execution of \"us-central1-createRazorpayOrder\""}}
[debug] [2026-08-16T09:39:59.737Z] [worker-us-central1-createRazorpayOrder-7914ab26-6bb8-4ebb-8ef7-6a4c8a6d2d78]: BUSY {"metadata":{"emulator":{"name":"functions"},"function":{"name":"us-central1-createRazorpayOrder"},"extension":{},"message":"[worker-us-central1-createRazorpayOrder-7914ab26-6bb8-4ebb-8ef7-6a4c8a6d2d78]: BUSY"}}
[info] >  {"verifications":{"app":"MISSING","auth":"VALID"},"logging.googleapis.com/labels":{"firebase-log-type":"callable-request-verification"},"severity":"DEBUG","message":"Callable request verification passed"} {"user":{"verifications":{"app":"MISSING","auth":"VALID"},"logging.googleapis.com/labels":{"firebase-log-type":"callable-request-verification"},"severity":"DEBUG","message":"Callable request verification passed"},"metadata":{"emulator":{"name":"functions"},"function":{"name":"us-central1-createRazorpayOrder"},"extension":{},"message":">  {\"verifications\":{\"app\":\"MISSING\",\"auth\":\"VALID\"},\"logging.googleapis.com/labels\":{\"firebase-log-type\":\"callable-request-verification\"},\"severity\":\"DEBUG\",\"message\":\"Callable request verification passed\"}"}}
[debug] [2026-08-16T09:39:59.968Z] Finishing up request with event=pause {"metadata":{"emulator":{"name":"functions"},"function":{"name":"us-central1-createRazorpayOrder"},"extension":{},"message":"Finishing up request with event=pause"}}
[info] i  functions: Finished "us-central1-createRazorpayOrder" in 231.239833ms {"metadata":{"emulator":{"name":"functions"},"function":{"name":"us-central1-createRazorpayOrder"},"extension":{},"message":"Finished \"us-central1-createRazorpayOrder\" in 231.239833ms"}}
[debug] [2026-08-16T09:39:59.969Z] [worker-us-central1-createRazorpayOrder-7914ab26-6bb8-4ebb-8ef7-6a4c8a6d2d78]: IDLE {"metadata":{"emulator":{"name":"functions"},"function":{"name":"us-central1-createRazorpayOrder"},"extension":{},"message":"[worker-us-central1-createRazorpayOrder-7914ab26-6bb8-4ebb-8ef7-6a4c8a6d2d78]: IDLE"}}
[debug] [2026-08-16T09:39:59.969Z] Finishing up request with event=finish {"metadata":{"emulator":{"name":"functions"},"function":{"name":"us-central1-createRazorpayOrder"},"extension":{},"message":"Finishing up request with event=finish"}}
[debug] [2026-08-16T09:39:59.969Z] Finishing up request with event=close {"metadata":{"emulator":{"name":"functions"},"function":{"name":"us-central1-createRazorpayOrder"},"extension":{},"message":"Finishing up request with event=close"}}
[debug] [2026-08-16T09:39:59.969Z] [work-queue] {"queuedWork":[],"queueLength":0,"runningWork":[],"workRunningCount":0}
[debug] [2026-08-16T09:40:26.991Z] [work-queue] {"queuedWork":["/fico-app-f3cea/us-central1/createRazorpayOrder-2026-08-16T09:40:26.991Z"],"queueLength":1,"runningWork":[],"workRunningCount":0}
[debug] [2026-08-16T09:40:26.993Z] [work-queue] {"queuedWork":[],"queueLength":0,"runningWork":["/fico-app-f3cea/us-central1/createRazorpayOrder-2026-08-16T09:40:26.991Z"],"workRunningCount":1}
[debug] [2026-08-16T09:40:26.993Z] Accepted request OPTIONS /fico-app-f3cea/us-central1/createRazorpayOrder --> us-central1-createRazorpayOrder
[debug] [2026-08-16T09:40:26.997Z] [functions] Runtime ready! Sending request! {"metadata":{"emulator":{"name":"functions"},"message":"[functions] Runtime ready! Sending request!"}}
[debug] [2026-08-16T09:40:27.000Z] [functions] Got req.url=/fico-app-f3cea/us-central1/createRazorpayOrder, mapping to path=/ {"metadata":{"emulator":{"name":"functions"},"message":"[functions] Got req.url=/fico-app-f3cea/us-central1/createRazorpayOrder, mapping to path=/"}}
[debug] [2026-08-16T09:40:27.001Z] [worker-pool] submitRequest(triggerId=us-central1-createRazorpayOrder) {"metadata":{"emulator":{"name":"functions"},"message":"[worker-pool] submitRequest(triggerId=us-central1-createRazorpayOrder)"}}
[info] i  functions: Beginning execution of "us-central1-createRazorpayOrder" {"metadata":{"emulator":{"name":"functions"},"function":{"name":"us-central1-createRazorpayOrder"},"extension":{},"message":"Beginning execution of \"us-central1-createRazorpayOrder\""}}
[debug] [2026-08-16T09:40:27.008Z] [worker-us-central1-createRazorpayOrder-7914ab26-6bb8-4ebb-8ef7-6a4c8a6d2d78]: BUSY {"metadata":{"emulator":{"name":"functions"},"function":{"name":"us-central1-createRazorpayOrder"},"extension":{},"message":"[worker-us-central1-createRazorpayOrder-7914ab26-6bb8-4ebb-8ef7-6a4c8a6d2d78]: BUSY"}}
[debug] [2026-08-16T09:40:27.026Z] Finishing up request with event=pause {"metadata":{"emulator":{"name":"functions"},"function":{"name":"us-central1-createRazorpayOrder"},"extension":{},"message":"Finishing up request with event=pause"}}
[info] i  functions: Finished "us-central1-createRazorpayOrder" in 18.949166ms {"metadata":{"emulator":{"name":"functions"},"function":{"name":"us-central1-createRazorpayOrder"},"extension":{},"message":"Finished \"us-central1-createRazorpayOrder\" in 18.949166ms"}}
[debug] [2026-08-16T09:40:27.030Z] [worker-us-central1-createRazorpayOrder-7914ab26-6bb8-4ebb-8ef7-6a4c8a6d2d78]: IDLE {"metadata":{"emulator":{"name":"functions"},"function":{"name":"us-central1-createRazorpayOrder"},"extension":{},"message":"[worker-us-central1-createRazorpayOrder-7914ab26-6bb8-4ebb-8ef7-6a4c8a6d2d78]: IDLE"}}
[debug] [2026-08-16T09:40:27.030Z] Finishing up request with event=finish {"metadata":{"emulator":{"name":"functions"},"function":{"name":"us-central1-createRazorpayOrder"},"extension":{},"message":"Finishing up request with event=finish"}}
[debug] [2026-08-16T09:40:27.030Z] Finishing up request with event=close {"metadata":{"emulator":{"name":"functions"},"function":{"name":"us-central1-createRazorpayOrder"},"extension":{},"message":"Finishing up request with event=close"}}
[debug] [2026-08-16T09:40:27.030Z] [work-queue] {"queuedWork":[],"queueLength":0,"runningWork":[],"workRunningCount":0}
[debug] [2026-08-16T09:40:27.032Z] [work-queue] {"queuedWork":["/fico-app-f3cea/us-central1/createRazorpayOrder-2026-08-16T09:40:27.032Z"],"queueLength":1,"runningWork":[],"workRunningCount":0}
[debug] [2026-08-16T09:40:27.032Z] [work-queue] {"queuedWork":[],"queueLength":0,"runningWork":["/fico-app-f3cea/us-central1/createRazorpayOrder-2026-08-16T09:40:27.032Z"],"workRunningCount":1}
[debug] [2026-08-16T09:40:27.032Z] Accepted request POST /fico-app-f3cea/us-central1/createRazorpayOrder --> us-central1-createRazorpayOrder
[debug] [2026-08-16T09:40:27.034Z] [functions] Runtime ready! Sending request! {"metadata":{"emulator":{"name":"functions"},"message":"[functions] Runtime ready! Sending request!"}}
[debug] [2026-08-16T09:40:27.035Z] [functions] Got req.url=/fico-app-f3cea/us-central1/createRazorpayOrder, mapping to path=/ {"metadata":{"emulator":{"name":"functions"},"message":"[functions] Got req.url=/fico-app-f3cea/us-central1/createRazorpayOrder, mapping to path=/"}}
[debug] [2026-08-16T09:40:27.035Z] [worker-pool] submitRequest(triggerId=us-central1-createRazorpayOrder) {"metadata":{"emulator":{"name":"functions"},"message":"[worker-pool] submitRequest(triggerId=us-central1-createRazorpayOrder)"}}
[info] i  functions: Beginning execution of "us-central1-createRazorpayOrder" {"metadata":{"emulator":{"name":"functions"},"function":{"name":"us-central1-createRazorpayOrder"},"extension":{},"message":"Beginning execution of \"us-central1-createRazorpayOrder\""}}
[debug] [2026-08-16T09:40:27.036Z] [worker-us-central1-createRazorpayOrder-7914ab26-6bb8-4ebb-8ef7-6a4c8a6d2d78]: BUSY {"metadata":{"emulator":{"name":"functions"},"function":{"name":"us-central1-createRazorpayOrder"},"extension":{},"message":"[worker-us-central1-createRazorpayOrder-7914ab26-6bb8-4ebb-8ef7-6a4c8a6d2d78]: BUSY"}}
[info] >  {"verifications":{"app":"MISSING","auth":"VALID"},"logging.googleapis.com/labels":{"firebase-log-type":"callable-request-verification"},"severity":"DEBUG","message":"Callable request verification passed"} {"user":{"verifications":{"app":"MISSING","auth":"VALID"},"logging.googleapis.com/labels":{"firebase-log-type":"callable-request-verification"},"severity":"DEBUG","message":"Callable request verification passed"},"metadata":{"emulator":{"name":"functions"},"function":{"name":"us-central1-createRazorpayOrder"},"extension":{},"message":">  {\"verifications\":{\"app\":\"MISSING\",\"auth\":\"VALID\"},\"logging.googleapis.com/labels\":{\"firebase-log-type\":\"callable-request-verification\"},\"severity\":\"DEBUG\",\"message\":\"Callable request verification passed\"}"}}
[debug] [2026-08-16T09:40:27.230Z] Finishing up request with event=pause {"metadata":{"emulator":{"name":"functions"},"function":{"name":"us-central1-createRazorpayOrder"},"extension":{},"message":"Finishing up request with event=pause"}}
[info] i  functions: Finished "us-central1-createRazorpayOrder" in 194.355625ms {"metadata":{"emulator":{"name":"functions"},"function":{"name":"us-central1-createRazorpayOrder"},"extension":{},"message":"Finished \"us-central1-createRazorpayOrder\" in 194.355625ms"}}
[debug] [2026-08-16T09:40:27.231Z] [worker-us-central1-createRazorpayOrder-7914ab26-6bb8-4ebb-8ef7-6a4c8a6d2d78]: IDLE {"metadata":{"emulator":{"name":"functions"},"function":{"name":"us-central1-createRazorpayOrder"},"extension":{},"message":"[worker-us-central1-createRazorpayOrder-7914ab26-6bb8-4ebb-8ef7-6a4c8a6d2d78]: IDLE"}}
[debug] [2026-08-16T09:40:27.231Z] Finishing up request with event=finish {"metadata":{"emulator":{"name":"functions"},"function":{"name":"us-central1-createRazorpayOrder"},"extension":{},"message":"Finishing up request with event=finish"}}
[debug] [2026-08-16T09:40:27.231Z] Finishing up request with event=close {"metadata":{"emulator":{"name":"functions"},"function":{"name":"us-central1-createRazorpayOrder"},"extension":{},"message":"Finishing up request with event=close"}}
[debug] [2026-08-16T09:40:27.231Z] [work-queue] {"queuedWork":[],"queueLength":0,"runningWork":[],"workRunningCount":0}
[debug] [2026-08-16T09:42:46.031Z] [work-queue] {"queuedWork":["/fico-app-f3cea/us-central1/createRazorpayOrder-2026-08-16T09:42:46.027Z"],"queueLength":1,"runningWork":[],"workRunningCount":0}
[debug] [2026-08-16T09:42:46.037Z] [work-queue] {"queuedWork":[],"queueLength":0,"runningWork":["/fico-app-f3cea/us-central1/createRazorpayOrder-2026-08-16T09:42:46.027Z"],"workRunningCount":1}
[debug] [2026-08-16T09:42:46.042Z] Accepted request OPTIONS /fico-app-f3cea/us-central1/createRazorpayOrder --> us-central1-createRazorpayOrder
[debug] [2026-08-16T09:42:46.047Z] [functions] Runtime ready! Sending request! {"metadata":{"emulator":{"name":"functions"},"message":"[functions] Runtime ready! Sending request!"}}
[debug] [2026-08-16T09:42:46.050Z] [functions] Got req.url=/fico-app-f3cea/us-central1/createRazorpayOrder, mapping to path=/ {"metadata":{"emulator":{"name":"functions"},"message":"[functions] Got req.url=/fico-app-f3cea/us-central1/createRazorpayOrder, mapping to path=/"}}
[debug] [2026-08-16T09:42:46.050Z] [worker-pool] submitRequest(triggerId=us-central1-createRazorpayOrder) {"metadata":{"emulator":{"name":"functions"},"message":"[worker-pool] submitRequest(triggerId=us-central1-createRazorpayOrder)"}}
[info] i  functions: Beginning execution of "us-central1-createRazorpayOrder" {"metadata":{"emulator":{"name":"functions"},"function":{"name":"us-central1-createRazorpayOrder"},"extension":{},"message":"Beginning execution of \"us-central1-createRazorpayOrder\""}}
[debug] [2026-08-16T09:42:46.056Z] [worker-us-central1-createRazorpayOrder-7914ab26-6bb8-4ebb-8ef7-6a4c8a6d2d78]: BUSY {"metadata":{"emulator":{"name":"functions"},"function":{"name":"us-central1-createRazorpayOrder"},"extension":{},"message":"[worker-us-central1-createRazorpayOrder-7914ab26-6bb8-4ebb-8ef7-6a4c8a6d2d78]: BUSY"}}
[debug] [2026-08-16T09:42:46.071Z] Finishing up request with event=pause {"metadata":{"emulator":{"name":"functions"},"function":{"name":"us-central1-createRazorpayOrder"},"extension":{},"message":"Finishing up request with event=pause"}}
[info] i  functions: Finished "us-central1-createRazorpayOrder" in 15.105167ms {"metadata":{"emulator":{"name":"functions"},"function":{"name":"us-central1-createRazorpayOrder"},"extension":{},"message":"Finished \"us-central1-createRazorpayOrder\" in 15.105167ms"}}
[debug] [2026-08-16T09:42:46.072Z] [worker-us-central1-createRazorpayOrder-7914ab26-6bb8-4ebb-8ef7-6a4c8a6d2d78]: IDLE {"metadata":{"emulator":{"name":"functions"},"function":{"name":"us-central1-createRazorpayOrder"},"extension":{},"message":"[worker-us-central1-createRazorpayOrder-7914ab26-6bb8-4ebb-8ef7-6a4c8a6d2d78]: IDLE"}}
[debug] [2026-08-16T09:42:46.072Z] Finishing up request with event=finish {"metadata":{"emulator":{"name":"functions"},"function":{"name":"us-central1-createRazorpayOrder"},"extension":{},"message":"Finishing up request with event=finish"}}
[debug] [2026-08-16T09:42:46.072Z] Finishing up request with event=close {"metadata":{"emulator":{"name":"functions"},"function":{"name":"us-central1-createRazorpayOrder"},"extension":{},"message":"Finishing up request with event=close"}}
[debug] [2026-08-16T09:42:46.072Z] [work-queue] {"queuedWork":[],"queueLength":0,"runningWork":[],"workRunningCount":0}
[debug] [2026-08-16T09:42:46.074Z] [work-queue] {"queuedWork":["/fico-app-f3cea/us-central1/createRazorpayOrder-2026-08-16T09:42:46.074Z"],"queueLength":1,"runningWork":[],"workRunningCount":0}
[debug] [2026-08-16T09:42:46.074Z] [work-queue] {"queuedWork":[],"queueLength":0,"runningWork":["/fico-app-f3cea/us-central1/createRazorpayOrder-2026-08-16T09:42:46.074Z"],"workRunningCount":1}
[debug] [2026-08-16T09:42:46.074Z] Accepted request POST /fico-app-f3cea/us-central1/createRazorpayOrder --> us-central1-createRazorpayOrder
[debug] [2026-08-16T09:42:46.074Z] [functions] Runtime ready! Sending request! {"metadata":{"emulator":{"name":"functions"},"message":"[functions] Runtime ready! Sending request!"}}
[debug] [2026-08-16T09:42:46.074Z] [functions] Got req.url=/fico-app-f3cea/us-central1/createRazorpayOrder, mapping to path=/ {"metadata":{"emulator":{"name":"functions"},"message":"[functions] Got req.url=/fico-app-f3cea/us-central1/createRazorpayOrder, mapping to path=/"}}
[debug] [2026-08-16T09:42:46.075Z] [worker-pool] submitRequest(triggerId=us-central1-createRazorpayOrder) {"metadata":{"emulator":{"name":"functions"},"message":"[worker-pool] submitRequest(triggerId=us-central1-createRazorpayOrder)"}}
[info] i  functions: Beginning execution of "us-central1-createRazorpayOrder" {"metadata":{"emulator":{"name":"functions"},"function":{"name":"us-central1-createRazorpayOrder"},"extension":{},"message":"Beginning execution of \"us-central1-createRazorpayOrder\""}}
[debug] [2026-08-16T09:42:46.075Z] [worker-us-central1-createRazorpayOrder-7914ab26-6bb8-4ebb-8ef7-6a4c8a6d2d78]: BUSY {"metadata":{"emulator":{"name":"functions"},"function":{"name":"us-central1-createRazorpayOrder"},"extension":{},"message":"[worker-us-central1-createRazorpayOrder-7914ab26-6bb8-4ebb-8ef7-6a4c8a6d2d78]: BUSY"}}
[info] >  {"verifications":{"app":"MISSING","auth":"VALID"},"logging.googleapis.com/labels":{"firebase-log-type":"callable-request-verification"},"severity":"DEBUG","message":"Callable request verification passed"} {"user":{"verifications":{"app":"MISSING","auth":"VALID"},"logging.googleapis.com/labels":{"firebase-log-type":"callable-request-verification"},"severity":"DEBUG","message":"Callable request verification passed"},"metadata":{"emulator":{"name":"functions"},"function":{"name":"us-central1-createRazorpayOrder"},"extension":{},"message":">  {\"verifications\":{\"app\":\"MISSING\",\"auth\":\"VALID\"},\"logging.googleapis.com/labels\":{\"firebase-log-type\":\"callable-request-verification\"},\"severity\":\"DEBUG\",\"message\":\"Callable request verification passed\"}"}}
[debug] [2026-08-16T09:42:46.246Z] Finishing up request with event=pause {"metadata":{"emulator":{"name":"functions"},"function":{"name":"us-central1-createRazorpayOrder"},"extension":{},"message":"Finishing up request with event=pause"}}
[info] i  functions: Finished "us-central1-createRazorpayOrder" in 170.369958ms {"metadata":{"emulator":{"name":"functions"},"function":{"name":"us-central1-createRazorpayOrder"},"extension":{},"message":"Finished \"us-central1-createRazorpayOrder\" in 170.369958ms"}}
[debug] [2026-08-16T09:42:46.246Z] [worker-us-central1-createRazorpayOrder-7914ab26-6bb8-4ebb-8ef7-6a4c8a6d2d78]: IDLE {"metadata":{"emulator":{"name":"functions"},"function":{"name":"us-central1-createRazorpayOrder"},"extension":{},"message":"[worker-us-central1-createRazorpayOrder-7914ab26-6bb8-4ebb-8ef7-6a4c8a6d2d78]: IDLE"}}
[debug] [2026-08-16T09:42:46.247Z] Finishing up request with event=finish {"metadata":{"emulator":{"name":"functions"},"function":{"name":"us-central1-createRazorpayOrder"},"extension":{},"message":"Finishing up request with event=finish"}}
[debug] [2026-08-16T09:42:46.247Z] Finishing up request with event=close {"metadata":{"emulator":{"name":"functions"},"function":{"name":"us-central1-createRazorpayOrder"},"extension":{},"message":"Finishing up request with event=close"}}
[debug] [2026-08-16T09:42:46.247Z] [work-queue] {"queuedWork":[],"queueLength":0,"runningWork":[],"workRunningCount":0}
[debug] [2026-08-16T09:45:17.880Z] [work-queue] {"queuedWork":["/fico-app-f3cea/us-central1/createRazorpayOrder-2026-08-16T09:45:17.876Z"],"queueLength":1,"runningWork":[],"workRunningCount":0}
[debug] [2026-08-16T09:45:17.887Z] [work-queue] {"queuedWork":[],"queueLength":0,"runningWork":["/fico-app-f3cea/us-central1/createRazorpayOrder-2026-08-16T09:45:17.876Z"],"workRunningCount":1}
[debug] [2026-08-16T09:45:17.887Z] Accepted request OPTIONS /fico-app-f3cea/us-central1/createRazorpayOrder --> us-central1-createRazorpayOrder
[debug] [2026-08-16T09:45:17.889Z] [functions] Runtime ready! Sending request! {"metadata":{"emulator":{"name":"functions"},"message":"[functions] Runtime ready! Sending request!"}}
[debug] [2026-08-16T09:45:17.893Z] [functions] Got req.url=/fico-app-f3cea/us-central1/createRazorpayOrder, mapping to path=/ {"metadata":{"emulator":{"name":"functions"},"message":"[functions] Got req.url=/fico-app-f3cea/us-central1/createRazorpayOrder, mapping to path=/"}}
[debug] [2026-08-16T09:45:17.893Z] [worker-pool] submitRequest(triggerId=us-central1-createRazorpayOrder) {"metadata":{"emulator":{"name":"functions"},"message":"[worker-pool] submitRequest(triggerId=us-central1-createRazorpayOrder)"}}
[info] i  functions: Beginning execution of "us-central1-createRazorpayOrder" {"metadata":{"emulator":{"name":"functions"},"function":{"name":"us-central1-createRazorpayOrder"},"extension":{},"message":"Beginning execution of \"us-central1-createRazorpayOrder\""}}
[debug] [2026-08-16T09:45:17.897Z] [worker-us-central1-createRazorpayOrder-7914ab26-6bb8-4ebb-8ef7-6a4c8a6d2d78]: BUSY {"metadata":{"emulator":{"name":"functions"},"function":{"name":"us-central1-createRazorpayOrder"},"extension":{},"message":"[worker-us-central1-createRazorpayOrder-7914ab26-6bb8-4ebb-8ef7-6a4c8a6d2d78]: BUSY"}}
[debug] [2026-08-16T09:45:17.911Z] Finishing up request with event=pause {"metadata":{"emulator":{"name":"functions"},"function":{"name":"us-central1-createRazorpayOrder"},"extension":{},"message":"Finishing up request with event=pause"}}
[info] i  functions: Finished "us-central1-createRazorpayOrder" in 13.784959ms {"metadata":{"emulator":{"name":"functions"},"function":{"name":"us-central1-createRazorpayOrder"},"extension":{},"message":"Finished \"us-central1-createRazorpayOrder\" in 13.784959ms"}}
[debug] [2026-08-16T09:45:17.912Z] [worker-us-central1-createRazorpayOrder-7914ab26-6bb8-4ebb-8ef7-6a4c8a6d2d78]: IDLE {"metadata":{"emulator":{"name":"functions"},"function":{"name":"us-central1-createRazorpayOrder"},"extension":{},"message":"[worker-us-central1-createRazorpayOrder-7914ab26-6bb8-4ebb-8ef7-6a4c8a6d2d78]: IDLE"}}
[debug] [2026-08-16T09:45:17.913Z] Finishing up request with event=finish {"metadata":{"emulator":{"name":"functions"},"function":{"name":"us-central1-createRazorpayOrder"},"extension":{},"message":"Finishing up request with event=finish"}}
[debug] [2026-08-16T09:45:17.916Z] Finishing up request with event=close {"metadata":{"emulator":{"name":"functions"},"function":{"name":"us-central1-createRazorpayOrder"},"extension":{},"message":"Finishing up request with event=close"}}
[debug] [2026-08-16T09:45:17.916Z] [work-queue] {"queuedWork":[],"queueLength":0,"runningWork":[],"workRunningCount":0}
[debug] [2026-08-16T09:45:17.917Z] [work-queue] {"queuedWork":["/fico-app-f3cea/us-central1/createRazorpayOrder-2026-08-16T09:45:17.917Z"],"queueLength":1,"runningWork":[],"workRunningCount":0}
[debug] [2026-08-16T09:45:17.917Z] [work-queue] {"queuedWork":[],"queueLength":0,"runningWork":["/fico-app-f3cea/us-central1/createRazorpayOrder-2026-08-16T09:45:17.917Z"],"workRunningCount":1}
[debug] [2026-08-16T09:45:17.917Z] Accepted request POST /fico-app-f3cea/us-central1/createRazorpayOrder --> us-central1-createRazorpayOrder
[debug] [2026-08-16T09:45:17.918Z] [functions] Runtime ready! Sending request! {"metadata":{"emulator":{"name":"functions"},"message":"[functions] Runtime ready! Sending request!"}}
[debug] [2026-08-16T09:45:17.918Z] [functions] Got req.url=/fico-app-f3cea/us-central1/createRazorpayOrder, mapping to path=/ {"metadata":{"emulator":{"name":"functions"},"message":"[functions] Got req.url=/fico-app-f3cea/us-central1/createRazorpayOrder, mapping to path=/"}}
[debug] [2026-08-16T09:45:17.918Z] [worker-pool] submitRequest(triggerId=us-central1-createRazorpayOrder) {"metadata":{"emulator":{"name":"functions"},"message":"[worker-pool] submitRequest(triggerId=us-central1-createRazorpayOrder)"}}
[info] i  functions: Beginning execution of "us-central1-createRazorpayOrder" {"metadata":{"emulator":{"name":"functions"},"function":{"name":"us-central1-createRazorpayOrder"},"extension":{},"message":"Beginning execution of \"us-central1-createRazorpayOrder\""}}
[debug] [2026-08-16T09:45:17.919Z] [worker-us-central1-createRazorpayOrder-7914ab26-6bb8-4ebb-8ef7-6a4c8a6d2d78]: BUSY {"metadata":{"emulator":{"name":"functions"},"function":{"name":"us-central1-createRazorpayOrder"},"extension":{},"message":"[worker-us-central1-createRazorpayOrder-7914ab26-6bb8-4ebb-8ef7-6a4c8a6d2d78]: BUSY"}}
[info] >  {"verifications":{"app":"MISSING","auth":"VALID"},"logging.googleapis.com/labels":{"firebase-log-type":"callable-request-verification"},"severity":"DEBUG","message":"Callable request verification passed"} {"user":{"verifications":{"app":"MISSING","auth":"VALID"},"logging.googleapis.com/labels":{"firebase-log-type":"callable-request-verification"},"severity":"DEBUG","message":"Callable request verification passed"},"metadata":{"emulator":{"name":"functions"},"function":{"name":"us-central1-createRazorpayOrder"},"extension":{},"message":">  {\"verifications\":{\"app\":\"MISSING\",\"auth\":\"VALID\"},\"logging.googleapis.com/labels\":{\"firebase-log-type\":\"callable-request-verification\"},\"severity\":\"DEBUG\",\"message\":\"Callable request verification passed\"}"}}
[debug] [2026-08-16T09:45:18.138Z] Finishing up request with event=pause {"metadata":{"emulator":{"name":"functions"},"function":{"name":"us-central1-createRazorpayOrder"},"extension":{},"message":"Finishing up request with event=pause"}}
[info] i  functions: Finished "us-central1-createRazorpayOrder" in 219.893625ms {"metadata":{"emulator":{"name":"functions"},"function":{"name":"us-central1-createRazorpayOrder"},"extension":{},"message":"Finished \"us-central1-createRazorpayOrder\" in 219.893625ms"}}
[debug] [2026-08-16T09:45:18.139Z] [worker-us-central1-createRazorpayOrder-7914ab26-6bb8-4ebb-8ef7-6a4c8a6d2d78]: IDLE {"metadata":{"emulator":{"name":"functions"},"function":{"name":"us-central1-createRazorpayOrder"},"extension":{},"message":"[worker-us-central1-createRazorpayOrder-7914ab26-6bb8-4ebb-8ef7-6a4c8a6d2d78]: IDLE"}}
[debug] [2026-08-16T09:45:18.139Z] Finishing up request with event=finish {"metadata":{"emulator":{"name":"functions"},"function":{"name":"us-central1-createRazorpayOrder"},"extension":{},"message":"Finishing up request with event=finish"}}
[debug] [2026-08-16T09:45:18.140Z] Finishing up request with event=close {"metadata":{"emulator":{"name":"functions"},"function":{"name":"us-central1-createRazorpayOrder"},"extension":{},"message":"Finishing up request with event=close"}}
[debug] [2026-08-16T09:45:18.140Z] [work-queue] {"queuedWork":[],"queueLength":0,"runningWork":[],"workRunningCount":0}
